timeout -1

default /default
gfxmenu /GFX/yellow.gz
font /GFX/unifont.hex.gz
graphicsmode -1 100:1000 100:10000 24:32

title Arch
partnew (%@root:~1,3%,3) 0x00 /LUX/arch.iso
map /LUX/arch.iso (0xff)
map --hook
root (0xff)
chainloader (0xff)

title Alpine
partnew (%@root:~1,3%,3) 0x00 /LUX/alpine.iso
map /LUX/alpine.iso (0xff)
map --hook
root (0xff)
chainloader (0xff)

title Debian
partnew (%@root:~1,3%,3) 0x00 /LUX/debian.iso
map /LUX/debian.iso (0xff)
map --hook
root (0xff)
chainloader (0xff)

title Salix
partnew (%@root:~1,3%,3) 0x00 /LUX/salix.iso
map /LUX/salix.iso (0xff)
map --hook
root (0xff)
chainloader (0xff)

title 
clear

title Live
map --mem /PE/live.iso (hd32)
map --hook
chainloader (hd32)/bootmgr

title Aomei Backup
map --mem /PE/aomei.iso (hd32)
map --hook
chainloader (hd32)/bootmgr

title Aomei Partition
map --mem /PE/aomei_p.iso (hd32)
map --hook
chainloader (hd32)/bootmgr

title Macrium
map --mem /PE/macrium.iso (hd32)
map --hook
chainloader (hd32)/bootmgr

title 
clear

title install win 10
map --mem (md)+4 (9)
map /ISO/w10.iso (0xff)
map (hd0) (hd1)
map (hd1) (hd0)
map --rehook
write (9) [FiraDisk]\nStartOptions=cdrom,vmem=find:/ISO/w10.iso;\n\0
chainloader (0xff)/bootmgr

title install win 11
map --mem (md)+4 (9)
map /ISO/w11.iso (0xff)
map (hd0) (hd1)
map (hd1) (hd0)
map --rehook
write (9) [FiraDisk]\nStartOptions=cdrom,vmem=find:/ISO/w11.iso;\n\0
chainloader (0xff)/bootmgr

title 
clear

title reboot
reboot

title shutdown
halt
